#-----------------------------------------------------------
# Vivado v2024.1 (64-bit)
# SW Build 5076996 on Wed May 22 18:37:14 MDT 2024
# IP Build 5075265 on Wed May 22 21:45:21 MDT 2024
# SharedData Build 5076995 on Wed May 22 18:29:18 MDT 2024
# Start of session at: Fri Sep 12 12:22:37 2025
# Process ID: 18408
# Current directory: C:/Users/David_Edeni1/Box/class_report_1_martin
# Command line: vivado.exe -gui_launcher_event rodinguilauncherevent10284 C:\Users\David_Edeni1\Box\class_report_1_martin\class_report_1_martin.xpr
# Log file: C:/Users/David_Edeni1/Box/class_report_1_martin/vivado.log
# Journal file: C:/Users/David_Edeni1/Box/class_report_1_martin\vivado.jou
# Running On        :ECS-ROG-115-10
# Platform          :Windows Server 2016 or Windows 10
# Operating System  :22631
# Processor Detail  :12th Gen Intel(R) Core(TM) i7-12700
# CPU Frequency     :2112 MHz
# CPU Physical cores:12
# CPU Logical cores :20
# Host memory       :34033 MB
# Swap memory       :5100 MB
# Total Virtual     :39133 MB
# Available Virtual :21840 MB
#-----------------------------------------------------------
start_gui
open_project C:/Users/David_Edeni1/Box/class_report_1_martin/class_report_1_martin.xpr
update_compile_order -fileset sources_1
